servers
bin
chdir to servers
Makefile
fs
rs
init
pm
chdir to pm
Makefile
fs
rs
init
pm
done
